python : D:\BTS\src\wavefront_to_rays\reconstructor.
py:795: UserWarning: 检测到相位突变：重采样后网格上相邻像素最大相位差为 0.001
 弧度 (0.000 波长)，超过阈值 3.142 弧度（π）。这可能导致相位混叠，建议增加采样密度。
所在位置 行:1 字符: 1
+ python tests/integration/伽利略式离轴抛物面扩束镜传输误差标准测试文件.py
 --no-plot 2>&1 | O ...
+ ~~~~~~~~~~~~~~~~~~~~~~~~~~~~~~~~~~~~~~~~~~~~~~~~~~
~~~~~~~~~~~~~~~
    + CategoryInfo          : NotSpecified: (D:\BTS 
   \src\wave...致相位混叠，建议增加采样密度。:String) [], RemoteE  
  xception
    + FullyQualifiedErrorId : NativeCommandError
 
  warnings.warn(
D:\BTS\src\wavefront_to_rays\reconstructor.py:795: U
serWarning: 检测到相位突变：重采样后网格上相邻像素最大相位差为 0.213 弧度 (0.03
4 波长)，超过阈值 3.142 弧度（π）。这可能导致相位混叠，建议增加采样密度。
  warnings.warn(
D:\BTS\src\hybrid_optical_propagation\state_converte
r.py:405: UserWarning: 残差相位过大: 9.34 rad > 1.57 rad。这
可能导致 FFT 传播时的采样问题。
  warnings.warn(
D:\BTS\tests\integration\伽利略式离轴抛物面扩束镜传输误差标准测试文件.py:1
50: OptimizeWarning: Covariance of the parameters co
uld not be estimated
  popt_x, _ = curve_fit(gaussian_1d, coords, x_cut, 
p0=[np.max(x_cut), coords[x_idx], 5.0 * MAGNIFICATIO
N, 0])
D:\BTS\tests\integration\伽利略式离轴抛物面扩束镜传输误差标准测试文件.py:1
83: OptimizeWarning: Covariance of the parameters co
uld not be estimated
  popt_div, _ = curve_fit(gaussian_1d, theta_coords,
 x_cut_fft,
======================================================================
伽利略式离轴抛物面扩束镜传输误差标准测试
======================================================================

【设计参数】
  OAP1 焦距: -1000.0 mm (Radius=2000.0 mm)
  OAP2 焦距: 2000.0 mm (Radius=-4000.0 mm)
  OAP1 离轴: 100.0 mm, OAP2 离轴: 100.0 mm
  间距 L: 1000.0 mm
  放大倍率: 2.00x
  预期输出束腰: 10.000 mm
  衍射极限发散角: 31.830989 mrad

【执行仿真】...
[bts.simulate] Called with debug=False
[HybridSimulator.run] self._debug = False
[HybridElementPropagator] Initialized with debug=False
[DEBUG ElementRaytracer] Adding Surface 2: radius=2000.0, rx=0.0, ry=0.0, conic=-1.0, material=mirror
[DEBUG OPTILAND FIX] Using local standard.py (Robust Quad). a_min=0.00e+00
[DEBUG OPTILAND FIX] Using local standard.py (Robust Quad). a_min=0.00e+00
[DEBUG ElementRaytracer] exit_chief_direction (Global): (0.0, -0.09975062344139653, -0.9950124688279303)
[DEBUG ElementRaytracer] _exit_dir_local (Optic Local): (np.float64(0.0), np.float64(-0.09975062344139653), np.float64(-0.9950124688279303))
[DEBUG ElementRaytracer] rotation_matrix (Entrance->Global):\n[[1. 0. 0.]
 [0. 1. 0.]
 [0. 0. 1.]]
Surface 0: Intersection [  0.    0.  502.5], Exit Direction [ 0.         -0.09975062 -0.99501247]
[DEBUG ElementRaytracer] Adding Surface 2: radius=4000, rx=-0.09991679144388543, ry=3.141592653589793, conic=-1.0, material=mirror
[DEBUG ElementRaytracer] exit_chief_direction (Global): (0.0, 0.3895746295714721, 0.9209949011771186)
[DEBUG ElementRaytracer] _exit_dir_local (Optic Local): (np.float64(0.0), np.float64(0.2957617983838719), np.float64(-0.9552617225748858))
[DEBUG ElementRaytracer] rotation_matrix (Entrance->Global):\n[[-1.          0.          0.        ]
 [ 0.          0.99501247 -0.09975062]
 [-0.         -0.09975062 -0.99501247]]
Surface 1: Intersection [   0.          -96.00488693 -455.14874712], Exit Direction [0.         0.38957463 0.9209949 ]
Propagating
[DEBUG] Cartesian Sampling: 2313 rays (Target approx 4096)
[DEBUG] Center Ray: x=0.000000e+00, y=0.000000e+00
[DEBUG] Center Ray Direction: L=-6.184412e-21, M=-2.650462e-20

[DEBUG] Input Rays Analysis:
  L mean in degrees: -2.402417e-15, std: 3.919505e-05
  M mean in degrees: -1.070660e-15, std: 3.919505e-05
  N mean: 1.000000e+00, std: 2.705692e-13
  OPD mean: -6.816996e-06, std: 3.348210e-06
  Input OPD Fit: 3.422798e-19*x + -2.176451e-18*y + C
[DEBUG ElementRaytracer] Adding Surface 2: radius=2000.0, rx=0.0, ry=0.0, conic=-1.0, material=mirror
[Debug] Saved plot to debug_surf_0_entrance.png

[DEBUG ElementRaytracer] Inspecting 3 surfaces in Optiland Optic:
[DEBUG ElementRaytracer] Coordinates are LOCAL to the Optic Entrance Position.
  Surface 0 [ObjectSurface]:
    Position  (x,y,z) : (0, 0, -0.0)
    Rotation (rx,ry,rz): (0, 0, 0)
    Radius: inf
    Material (Post): <optiland.materials.ideal.IdealMaterial object at 0x000001E9C522B130>
  Surface 1 [Surface]:
    Position  (x,y,z) : (0, 0, 0)
    Rotation (rx,ry,rz): (0, 0, 0)
    Radius: inf
    Material (Post): <optiland.materials.ideal.IdealMaterial object at 0x000001E9C522B350>
  Surface 2 [Surface]:
    Position  (x,y,z) : (0.0, 100.0, -2.5)
    Rotation (rx,ry,rz): (0.0, 0.0, 0)
    Radius: 2000.0
    Conic (k): -1.0
    Material (Post): <optiland.materials.ideal.IdealMaterial object at 0x000001E9C522B350>
============================================================

[DEBUG TRACE] i=1, Surface=Surface
  Pos Before: (-1.2500, -16.8750, 0.0000)
  Pos After : (-1.2500, -16.8750, 0.0000)
  OPD Incr  : 0.000000
[DEBUG OPTILAND FIX] Using local standard.py (Robust Quad). a_min=0.00e+00
[DEBUG TRACE] i=2, Surface=Surface
  Pos Before: (-1.2500, -16.8750, 0.0000)
  Pos After : (-1.2500, -16.8750, 0.9153)
  OPD Incr  : 0.915332
[DEBUG TRACE] Exit Surface (Dynamic)
  Exit Pos Local: (0.0000, 0.0000, 0.0000)
  Exit Dir Local: (0.0000, -0.0998, -0.9950)
  rx=5.72°, ry=180.00°
  OPD Incr (signed): mean=0.035775, std=0.424521


[DEBUG] Output Rays (Local Frame):
  Centroid: x=7.372687e-17, y=1.710730e-07
  Direction L: mean=4.196336e-17, std=8.457313e-03, min=-1.683138e-02, max=1.683138e-02
  Direction M: mean=4.079852e-10, std=8.457313e-03, min=-1.682329e-02, max=1.683742e-02
  OPD: mean=7.172102e+01, std=4.141279e+01, min=0.000000e+00, max=1.429260e+02
  Output OPD Fit: -3.484489e-16*x + 4.770243e-03*y + C
  (Corresponds to Tilt X=-3.484489e-16, Tilt Y=4.770243e-03)
[DEBUG_CHECK] Surface 0 (R_surf=2000.0): Pilot Beam R_out = 1002.5811 mm

[DEBUG] Residual Phase Zernike Analysis (first 4 terms):
  Z1 (Piston) : -0.012224 rad
  Z2 (Tilt X) : -0.000000 rad
  Z3 (Tilt Y) : -0.000007 rad
  Z4 (Defocus): -0.025478 rad

[Debug] Saved plot to debug_surf_0_exit.png
Propagating
[DEBUG] Cartesian Sampling: 2241 rays (Target approx 4096)
[DEBUG] Center Ray: x=0.000000e+00, y=0.000000e+00
[DEBUG] Center Ray Direction: L=-1.879568e-13, M=-1.256019e-11

[DEBUG] Input Rays Analysis:
  L mean in degrees: 4.803930e-10, std: 4.769651e-01
  M mean in degrees: -5.695672e+00, std: 4.699067e-01
  N mean: -9.949435e-01, std: 8.313691e-04
  OPD mean: 1.361954e-01, std: 7.861448e-02
  Input OPD Fit: -1.133589e-12*x + -2.202794e-09*y + C
[DEBUG ElementRaytracer] Adding Surface 2: radius=4000, rx=-0.09991679144388543, ry=3.141592653589793, conic=-1.0, material=mirror
[Debug] Saved plot to debug_surf_1_entrance.png

[DEBUG ElementRaytracer] Inspecting 3 surfaces in Optiland Optic:
[DEBUG ElementRaytracer] Coordinates are LOCAL to the Optic Entrance Position.
  Surface 0 [ObjectSurface]:
    Position  (x,y,z) : (0, 0, -0.0)
    Rotation (rx,ry,rz): (0, 0, 0)
    Radius: inf
    Material (Post): <optiland.materials.ideal.IdealMaterial object at 0x000001E9C165BA50>
  Surface 1 [Surface]:
    Position  (x,y,z) : (0, 0, 0)
    Rotation (rx,ry,rz): (0, 0, 0)
    Radius: inf
    Material (Post): <optiland.materials.ideal.IdealMaterial object at 0x000001E9C9DA15E0>
  Surface 2 [Surface]:
    Position  (x,y,z) : (0.0, 199.50124688279303, 25.07594618975758)
    Rotation (rx,ry,rz): (-0.09991679144388543, 3.141592653589793, 0)
    Radius: 4000
    Conic (k): -1.0
    Material (Post): <optiland.materials.ideal.IdealMaterial object at 0x000001E9C9DA15E0>
============================================================

[DEBUG TRACE] i=1, Surface=Surface
  Pos Before: (-7.3505, -31.8521, -0.0000)
  Pos After : (-7.3505, -31.8521, 0.0000)
  OPD Incr  : 0.000000
[DEBUG TRACE] i=2, Surface=Surface
  Pos Before: (-7.3505, -31.8521, 0.0000)
  Pos After : (-7.3320, -31.7714, -4.9428)
  OPD Incr  : 4.943515
[DEBUG TRACE] Exit Surface (Dynamic)
  Exit Pos Local: (0.0000, 0.0000, 0.0000)
  Exit Dir Local: (0.0000, 0.2958, -0.9553)
  rx=-17.20°, ry=180.00°
  OPD Incr (signed): mean=-0.068323, std=2.474945


[DEBUG] Output Rays (Local Frame):
  Centroid: x=-2.828753e-12, y=2.035691e-04
  Direction L: mean=8.540650e-12, std=2.486293e-04, min=-6.052068e-04, max=6.052062e-04
  Direction M: mean=-1.396230e-05, std=8.542973e-05, min=-3.200987e-04, max=2.036921e-04
  OPD: mean=2.718866e+00, std=1.921038e+00, min=0.000000e+00, max=7.930290e+00
  Output OPD Fit: -1.131959e-09*x + -9.079569e-03*y + C
  (Corresponds to Tilt X=-1.131959e-09, Tilt Y=-9.079569e-03)
[DEBUG_CHECK] Surface 1 (R_surf=4000): Pilot Beam R_out = 98848.6660 mm

[DEBUG] Residual Phase Zernike Analysis (first 4 terms):
  Z1 (Piston) : 0.031986 rad
  Z2 (Tilt X) : -0.000000 rad
  Z3 (Tilt Y) : -1.146114 rad
  Z4 (Defocus): 0.060777 rad

  [WARNING] Significant Tilt detected! Check Optical Axis alignment.
[Debug] Saved plot to debug_surf_1_exit.png
DEBUG: Amplitude Max: 0.9960426278610429

【仿真结果】
  测量输出束腰: 13.900 mm (误差 39.00%)
  测量发散角: 0.215068 mrad (理论 31.830989 mrad)
  残差 RMS: 266.886 milli-waves

【测试判定】
  束腰一致性: FAIL (< 5%)
  准直性(发散): PASS (< 31.881 mrad)
  波前质量(RMS): PASS (< 500.0 mwaves)

  总体结果: [FAIL]

======================================================================
测试完成
======================================================================
