======================================================================
离轴抛物面镜传输误差标准测试
======================================================================

【光学系统参数】
  曲率半径: 2000.0 mm (焦距 1000.0 mm)
  表面顶点 Y 坐标: 200.0 mm
  表面 Z 坐标: 1000.0 mm
  理论出射角: 11.4°

============================================================
光学系统: OAP Test
表面数量: 1
============================================================

表面 0: standard
  位置: (0.000, 200.000, 1000.000) mm
  曲率半径: 2000.000 mm
  圆锥常数: -1.000000 (抛物面)
  反射镜: 是

【光源参数】
  波长: 0.633 μm
  束腰半径: 10.0 mm
  网格大小: 256
  物理尺寸: 40.0 mm (4 × w0)

【执行仿真】(Method: local_raytracing)
[bts.simulate] Called with debug=True
已设置光源: λ=0.633μm, w0=10.0mm, grid=256
开始仿真...
[HybridSimulator.run] self._debug = True
[HybridElementPropagator] Initialized with debug=True
[DEBUG ElementRaytracer] Adding Surface 2: radius=2000.0, rx=0.0, ry=0.0, conic=-1.0, material=mirror
[DEBUG OPTILAND FIX] Using local standard.py (Robust Quad). a_min=0.00e+00
[DEBUG OPTILAND FIX] Using local standard.py (Robust Quad). a_min=0.00e+00
[DEBUG ElementRaytracer] exit_chief_direction (Global): (0.0, -0.198019801980198, -0.9801980198019802)
[DEBUG ElementRaytracer] _exit_dir_local (Optic Local): (np.float64(0.0), np.float64(-0.198019801980198), np.float64(-0.9801980198019802))
[DEBUG ElementRaytracer] rotation_matrix (Entrance->Global):\n[[1. 0. 0.]
 [0. 1. 0.]
 [0. 0. 1.]]
Surface 0: Intersection [   0.    0. 1010.], Exit Direction [ 0.         -0.1980198  -0.98019802]
Propagating
[DEBUG] Cartesian Sampling: 3149 rays (Target approx 4096)
[DEBUG] Center Ray: x=0.000000e+00, y=0.000000e+00
[DEBUG] Center Ray Direction: L=4.348150e-20, M=3.075861e-20

[DEBUG] Input Rays Analysis:
  L mean in degrees: -1.219857e-18, std: 4.011641e-05
  M mean in degrees: -2.328022e-18, std: 4.011641e-05
  N mean: 1.000000e+00, std: 2.860381e-12
  OPD mean: 1.769462e-07, std: 2.464002e-07
  Input OPD Fit: 1.256784e-22*x + -1.297019e-21*y + C
[DEBUG ElementRaytracer] Adding Surface 2: radius=2000.0, rx=0.0, ry=0.0, conic=-1.0, material=mirror
[Debug] Saved plot to debug_surf_0_entrance.png

[DEBUG ElementRaytracer] Inspecting 3 surfaces in Optiland Optic:
[DEBUG ElementRaytracer] Coordinates are LOCAL to the Optic Entrance Position.
  Surface 0 [ObjectSurface]:
    Position  (x,y,z) : (0, 0, -0.0)
    Rotation (rx,ry,rz): (0, 0, 0)
    Radius: inf
    Material (Post): <optiland.materials.ideal.IdealMaterial object at 0x000001ECB2A57490>
  Surface 1 [Surface]:
    Position  (x,y,z) : (0, 0, 0)
    Rotation (rx,ry,rz): (0, 0, 0)
    Radius: inf
    Material (Post): <optiland.materials.ideal.IdealMaterial object at 0x000001ECB2A57950>
  Surface 2 [Surface]:
    Position  (x,y,z) : (0.0, 200.0, -10.0)
    Rotation (rx,ry,rz): (0.0, 0.0, 0)
    Radius: 2000.0
    Conic (k): -1.0
    Material (Post): <optiland.materials.ideal.IdealMaterial object at 0x000001ECB2A57950>
============================================================

[DEBUG TRACE] i=1, Surface=Surface
  Pos Before: (-3.7500, -19.3750, 0.0000)
  Pos After : (-3.7500, -19.3750, 0.0000)
  OPD Incr  : 0.000000
[DEBUG OPTILAND FIX] Using local standard.py (Robust Quad). a_min=0.00e+00
[DEBUG TRACE] i=2, Surface=Surface
  Pos Before: (-3.7500, -19.3750, 0.0000)
  Pos After : (-3.7500, -19.3750, 2.0349)
  OPD Incr  : 2.034865
[DEBUG TRACE] Exit Surface (Dynamic)
  Exit Pos Local: (0.0000, 0.0000, 0.0000)
  Exit Dir Local: (0.0000, -0.1980, -0.9802)
  rx=11.42°, ry=180.00°
  OPD Incr (signed): mean=0.047978, std=0.989861


[DEBUG] Output Rays (Local Frame):
  Centroid: x=1.805126e-17, y=6.199920e-07
  Direction L: mean=0.000000e+00, std=9.795094e-03, min=-1.919504e-02, max=1.919504e-02
  Direction M: mean=-1.007409e-09, std=9.795094e-03, min=-1.917026e-02, max=1.920641e-02
  OPD: mean=1.531095e+02, std=8.839064e+01, min=0.000000e+00, max=3.060937e+02
  Output OPD Fit: 3.071415e-16*x + 2.021220e-02*y + C
  (Corresponds to Tilt X=3.071415e-16, Tilt Y=2.021220e-02)
[DEBUG_CHECK] Surface 0 (R_surf=2000.0): Pilot Beam R_out = 1009.9958 mm

[DEBUG] Residual Phase Zernike Analysis (first 4 terms):
  Z1 (Piston) : -0.001279 rad
  Z2 (Tilt X) : 0.000000 rad
  Z3 (Tilt Y) : -0.000201 rad
  Z4 (Defocus): -0.053601 rad

仿真完成！

[Simulation Results]
  Non-zero elements: 49422
  Valid region pixel count: 49422

  Amplitude Analysis:
    RMS Error: 0.013%
    PV Error: 0.071%
DEBUG: Amplitude Max: 0.9999986462921692

  Phase Analysis:
    Phase RMS (vs Pilot): 8.481 milli-waves
    Phase PV (vs Pilot): 30.780 milli-waves
  Saved residual image: oap_residual_phase_20260128_151022.png

[Test Results]
  Phase RMS: 8.481 milli-waves (PASS, Threshold < 10.0)
  Amplitude RMS: 0.013% (PASS, Threshold < 1.0%)

  Overall: PASS

======================================================================
测试完成
======================================================================
